﻿
> angular-portfolio@0.0.0 build
> ng build

[33mÔØ»[39m Building...
node.exe : C:\repos\portfolio\node_modules\tailwindcss\d
ist\lib.js:38
No C:\Users\Gustavo\AppData\Roaming\npm\npm.ps1:24 
caractere:5
+     & "node$exe"  
"$basedir/node_modules/npm/bin/npm-cli.js" $args
+     ~~~~~~~~~~~~~~~~~~~~~~~~~~~~~~~~~~~~~~~~~~~~~~~~~~
~~~~~~~~~~~~
    + CategoryInfo          : NotSpecified: (C:\repos\p 
   ortfo...\dist\lib.js:38:String) [], RemoteException
    + FullyQualifiedErrorId : NativeCommandError
 
${N}`)}}))u.get(b)?.(x);for(let b of m)b(x);if(d){let 
b=[];for(let[E,N]of 
x.theme.entries()){if(N.options&2)continue;let 
L=l(Ae(E),N.value);L.src=N.src,b.push(L)}let 
D=x.theme.getKeyframes();for(let E of D)e.push(de({theme
:!0},[W([E])]));d.nodes=[de({theme:!0},b)]}if(a|=ot(e,x)
,a|=Fe(e,x),a|=Te(e,x),p){let 
b=p;b.kind="context",b.context={}}return 
I(e,b=>{if(b.kind==="at-rule")return b.name==="@utility"
?R.Replace([]):R.Skip}),{designSystem:x,ast:e,sources:h,
root:V,utilitiesNode:p,features:a,inlineCandidates:w}}as
ync function gn(e,r={}){let{designSystem:i,ast:t,sources
:n,root:a,utilitiesNode:o,features:f,inlineCandidates:u}
=await mn(e,r);t.unshift(dt(`! tailwindcss v${hr} | MIT 
License | https://tailwindcss.com `));function 
c(h){i.invalidCandidates.add(h)}let m=new 
Set,d=null,p=0,k=!1;for(let h of u)i.invalidCandidates.h
as(h)||(m.add(h),k=!0);return{sources:n,root:a,features:
f,build(h){if(f===0)return e;if(!o)return 
d??=Re(t,i,r.polyfills),d;let w=k,A=!1;k=!1;let 
V=m.size;for(let b of h)if(!i.invalidCandidates.has(b))i
f(b[0]==="-"&&b[1]==="-"){let 
D=i.theme.markUsedVariable(b);w||=D,A||=D}else 
m.add(b),w||=m.size!==V;if(!w)return 
d??=Re(t,i,r.polyfills),d;let 
x=Ee(m,i,{onInvalidCandidate:c}).astNodes;return r.from&
&I(x,b=>{b.src??=o.src}),!A&&p===x.length?(d??=Re(t,i,r.
polyfills),d):(p=x.length,o.nodes=x,d=Re(t,i,r.polyfills
),d)}}}async function ia(e,r={}){let 
i=Ve(e,{from:r.from}),t=await 
gn(i,r),n=i,a=e;return{...t,build(o){let 
f=t.build(o);return f===n||(a=ne(f,!!r.from),n=f),a},bui
ldSourceMap(){return fn({ast:n})}}}async function 
na(e,r={}){return(await 
mn(Ve(e,{from:r.from}),r)).designSystem}function 
at(){throw new Error("It looks like you're trying to 
use `tailwindcss` directly as a PostCSS plugin. The 
PostCSS plugin has moved to a separate package, so to 
continue using Tailwind CSS with PostCSS you'll need to 
install `@tailwindcss/postcss` and update your PostCSS 
configuration.")}for(let e in 
Ut)e!=="default"&&(at[e]=Ut[e]);module.exports=at;
                                                        
                                                        
                                                        
                                                        
                                                        
                                                        
                                                        
                                                        
                                                        
                                                        
                                                        
                                                        
                                                        
                                                        
                                                        
                                                        
                                                        
                                                        
            

Error: It looks like you're trying to use `tailwindcss` 
directly as a PostCSS plugin. The PostCSS plugin has 
moved to a separate package, so to continue using 
Tailwind CSS with PostCSS you'll need to install 
`@tailwindcss/postcss` and update your PostCSS 
configuration.
    at Object.at [as default] (C:\repos\portfolio\node_m
odules\tailwindcss\dist\lib.js:38:1643)
    at StylesheetPluginFactory.initPostcss (C:\repos\por
tfolio\node_modules\@angular\build\src\tools\esbuild\sty
lesheets\stylesheet-plugin-factory.js:169:66)

Node.js v22.14.0
